✔ compileBrandKitDraft compiles a valid draft into a valid immutable ThemePackageV1 snapshot (11.320399ms)
✔ compileBrandKitDraft returns field-addressable warnings while still compiling (2.863189ms)
✔ compileBrandKitDraft rejects invalid drafts with authoring field diagnostics (0.527598ms)
✔ compiled custom package resolves through the render tree like a built-in package (6.470169ms)
✔ compileBrandKitDraft blocks critical WCAG text contrast failures (0.536496ms)
✔ compileBrandKitDraft keeps non-text contrast issues as warnings (2.62278ms)
✔ custom and registry brand-kit fonts resolve for render, font CSS, and PPTX export (4.850841ms)
✔ compileBrandKitDraft rejects typography roles referencing missing custom fonts (0.342201ms)
✔ compileBrandKitDraft reports malformed optional assets, scope, decorations, and typography (0.625907ms)
✔ compileBrandKitDraft supports workspace drafts, font assets, and defaults (1.504473ms)
✔ compileBrandKitDraft rejects non-object input and missing nested objects (0.431266ms)
✔ diagnostics infer every target scope and collector severity helpers (3.069432ms)
✔ diagnostic labels and keys fall back across optional identifiers (1.522865ms)
✔ diagnostic category mapping covers render and validation fallback codes (0.25168ms)
▶ presentation diagnostics model
  ✔ derives stable categories and targets for existing producers (3.993023ms)
  ✔ declares source and validation categories for shared diagnostics (1.259984ms)
  ✔ classifies theme decoration diagnostics and infers source targets (0.390306ms)
  ✔ groups diagnostics by target scope then sorts by severity (0.924455ms)
  ✔ diagnostic actions are typed payload objects (1.608196ms)
✔ presentation diagnostics model (13.647882ms)
▶ repairDocumentSlidePlan
  ✔ returns a fatal empty plan for non-object input (4.04467ms)
  ✔ repairs semantic slots while preserving valid provenance and controls (8.405698ms)
  ✔ defaults ids, mode, and malformed optional provenance (1.708682ms)
✔ repairDocumentSlidePlan (18.826504ms)
✔ buildDocumentSourcePlanV1 extracts sections, block ids, and content hash (27.089102ms)
✔ deterministic planner emits DocumentSlidePlanV1 with slot source ids (8.549297ms)
✔ compileDocumentSlidePlanToDeckV7 stores deck and node provenance (29.766403ms)
▶ document slide planner edge cases
  ✔ chunks long text sections and carries title/source provenance (3.117979ms)
  ✔ handles hr-separated text, tables, visuals, and unmapped blocks (0.772523ms)
  ✔ round-trips semantic plans and preserves optional controls and notes (0.73643ms)
✔ document slide planner edge cases (6.150912ms)
✔ document planner emits a title-only slide for an empty subsection and skips blank bodies (0.253937ms)
▶ editor command edge cases
  ✔ insertTemplateSlide clamps position and re-identifies colliding template ids (8.697205ms)
  ✔ moveNodesBy clamps movement and ignores locked or missing targets (1.664345ms)
  ✔ keeps connector endpoint bindings when target layout is unavailable (1.140007ms)
  ✔ keeps connector endpoint bindings when connector frame is zero-sized (0.477661ms)
  ✔ restoreThemeDecoration preserves remaining disabled decorations (1.594292ms)
  ✔ updates deck-level chrome without mutating slides (0.706562ms)
  ✔ detaches resolved deck chrome as a slide node and records override (0.634124ms)
  ✔ detaches stroke-only chrome without inheriting a card fill (30.794977ms)
✔ editor command edge cases (51.773937ms)
✔ editor commands cover nested id, layout, and no-op branches (13.964516ms)
✔ editor commands cover local style, content, and template preservation branches (28.530161ms)
✔ detachDeckChrome handles image and unsupported resolved content (7.967238ms)
✔ editor commands preserve compatible non-text slot content and duplicate suffixes (0.76521ms)
▶ updateNodeLayout
  ✔ updates frame of the target node (5.776278ms)
  ✔ normalizes command-backed rotation updates (0.537519ms)
✔ updateNodeLayout (11.437221ms)
▶ moveNodesBy
  ✔ nudges selected nodes in percent space (1.786364ms)
  ✔ moves grouped children with their selected group and preserves ungroup positions (3.849444ms)
  ✔ keeps direct child layout edits working after moving a group (1.892513ms)
✔ moveNodesBy (7.825023ms)
▶ resetImageCrop
  ✔ removes crop metadata from image content (9.693348ms)
✔ resetImageCrop (24.159613ms)
▶ updateAssetMetadata
  ✔ updates alt text on existing image asset (0.629049ms)
  ✔ returns unchanged deck for missing asset id (2.794427ms)
✔ updateAssetMetadata (3.684516ms)
▶ detachDecoration
  ✔ appends a shape node with themeDecoration role to slide children (9.755162ms)
  ✔ normalizes resolved decoration ids before disabling theme recipes (5.832583ms)
✔ detachDecoration (15.881135ms)
▶ updateNodeAttributes
  ✔ renames a node and can clear the custom name (4.460827ms)
✔ updateNodeAttributes (9.080385ms)
▶ insertNode and pasteNodes
  ✔ insertNode appends a v7 node to the target slide (1.784134ms)
  ✔ insertNode re-identifies colliding nodes and ignores missing slides (0.519226ms)
  ✔ pasteNodes re-identifies pasted nodes and offsets their frames (1.882405ms)
  ✔ pasteNodes returns empty no-op result for empty input or missing slides (2.710687ms)
✔ insertNode and pasteNodes (8.271292ms)
▶ cutNodes
  ✔ cuts selected nodes so they can be pasted back as new copies (0.962533ms)
  ✔ preserves delete behavior by using the same delete output (2.026975ms)
✔ cutNodes (5.270654ms)
▶ deleteNodes
  ✔ removes selected nodes from a slide (0.797141ms)
  ✔ deleteNodes no-ops for empty selection and expands group deletion (2.334493ms)
  ✔ repairs connector node bindings before deleting target nodes (1.7714ms)
  ✔ clamps repaired connector endpoints into point percent bounds (1.462196ms)
✔ deleteNodes (7.928011ms)
▶ duplicateNodes
  ✔ duplicates selected top-level nodes with new ids and offset frames (1.726654ms)
  ✔ duplicates selected group children inside their group scope (0.450465ms)
  ✔ duplicateNodes no-ops for empty, missing slide, and missing node selections (0.255756ms)
✔ duplicateNodes (2.739395ms)
▶ reorderZIndex
  ✔ updates zIndex of target node (1.195859ms)
✔ reorderZIndex (1.297966ms)
▶ groupNodes
  ✔ creates a group node from specified children (1.834178ms)
  ✔ creates group bounds and z-index from selected children (0.718611ms)
  ✔ groups selected nested and top-level nodes without dropping unselected siblings (1.418888ms)
  ✔ groups nested siblings inside their parent group scope (0.574056ms)
  ✔ returns unchanged deck if no matching nodes (0.228619ms)
✔ groupNodes (6.196363ms)
▶ ungroupNodes
  ✔ replaces a group node with its children (1.638883ms)
✔ ungroupNodes (1.743832ms)
▶ insertSlide
  ✔ inserts a compiled slide at the end by default (3.755603ms)
  ▶ collaboration safety
    ✔ command outputs never write v6 Slide.elements fields (1.507882ms)
  ✔ collaboration safety (1.756524ms)
  ✔ inserts at specified index (0.458966ms)
  ✔ insertTemplateSlide returns the inserted semantic slide id and index (0.443516ms)
  ✔ does not mutate original deck (0.425576ms)
✔ insertSlide (9.745434ms)
▶ slide management
  ✔ insertBlankSlide inserts an empty content slide (0.923624ms)
  ✔ duplicateSlide clones a slide and its children with new ids (0.829684ms)
  ✔ splitNodeToSlide moves a node to a new adjacent slide (1.202461ms)
  ✔ splitNodeToSlide returns no-op result for missing slide or node targets (2.888071ms)
  ✔ deleteSlide keeps at least one slide (0.34796ms)
  ✔ moveSlide reorders slides (0.313234ms)
  ✔ deleteSlide returns the first index when the slide is missing (1.272717ms)
✔ slide management (8.351235ms)
▶ updateSlideControls
  ✔ updates controls on target slide (0.37823ms)
  ✔ does not modify other slides (0.191352ms)
  ✔ ignores controls for unknown slides (1.26488ms)
✔ updateSlideControls (2.032613ms)
▶ slide metadata and local style
  ✔ updates slide name and notes (0.776124ms)
  ✔ updates and resets slide local style (0.576957ms)
  ✔ sets and clears slide source metadata (1.49083ms)
  ✔ ignores slide metadata updates for unknown slides (0.229421ms)
✔ slide metadata and local style (3.327664ms)
▶ setThemePackage
  ✔ updates theme packageId (1.390216ms)
  ✔ does not rewrite node layout or localStyle (0.195595ms)
  ✔ preserves local overrides until an explicit reset after theme switch (2.650051ms)
✔ setThemePackage (4.45527ms)
▶ applyTemplate
  ✔ reapplies template to existing slide, preserving id and localStyle (0.670552ms)
  ✔ preserves compatible slot content, source, and local overrides (1.414867ms)
  ✔ returns unchanged deck for unknown slideId (0.21141ms)
✔ applyTemplate (3.524287ms)
▶ decoration commands
  ✔ disables the source decoration recipe when detaching a resolved decoration (0.562554ms)
  ✔ restoreThemeDecoration removes stale disabled decoration overrides (0.342021ms)
✔ decoration commands (1.232812ms)
▶ moveSlide — UI navigation flows
  ✔ moves first slide to last position (drag to end) (0.952841ms)
  ✔ moves last slide to first position (drag to start) (0.306313ms)
  ✔ clamps target index to valid range (toIndex > slides.length) (0.181586ms)
  ✔ clamps target index to 0 when toIndex < 0 (0.203174ms)
  ✔ no-op move (same index) keeps slides unchanged (0.193677ms)
  ✔ returns index -1 for unknown slideId (0.157973ms)
✔ moveSlide — UI navigation flows (2.315174ms)
▶ insertBlankSlide — boundary index handling
  ✔ clamps negative atIndex to 0 (0.217055ms)
  ✔ clamps atIndex > slides.length to slides.length (appends) (0.191721ms)
  ✔ returns a unique slideId each call (0.351948ms)
✔ insertBlankSlide — boundary index handling (0.949662ms)
▶ duplicateSlide — name handling
  ✔ appends ' Copy' to named slide (0.251414ms)
  ✔ duplicate of unnamed slide has no name (0.197563ms)
  ✔ duplicate is inserted immediately after the source slide (0.381448ms)
✔ duplicateSlide — name handling (0.988306ms)
▶ updateNodeSourceMetadata
  ✔ sets and clears source metadata on a node (5.155243ms)
✔ updateNodeSourceMetadata (8.666526ms)
✔ src/lib/presentation-vnext/editor-commands.table.test.ts (2649.995552ms)
▶ updateLocalStyle
  ✔ adds local style override to node (2.522157ms)
  ✔ merges with existing local style (0.66625ms)
✔ updateLocalStyle (5.271698ms)
▶ resetLocalStyleOverride
  ✔ removes all local styles when no keys specified (0.817517ms)
  ✔ removes only specified keys (0.390709ms)
✔ resetLocalStyleOverride (1.420348ms)
▶ updateNodeContent
  ✔ patches content on the target node (2.517755ms)
  ✔ does not modify other slides (0.495822ms)
✔ updateNodeContent (4.336667ms)
▶ updateLocalStyle inside group child
  ✔ updates local style on a node nested inside a group (1.208524ms)
✔ updateLocalStyle inside group child (1.37022ms)
▶ updateLocalStyle deep merge
  ✔ deep-merges nested style objects when base and patch share top-level key (0.813783ms)
  ✔ preserves existing nested connector stroke fields across toolbar patches (1.190028ms)
  ✔ preserves sibling visual channel colors across sequential patches (0.649328ms)
✔ updateLocalStyle deep merge (3.051554ms)
▶ updateNodeContent — inline text editor commit
  ✔ commits multi-paragraph content from inline editor (0.347018ms)
  ✔ preserves other content fields when patching paragraphs (0.308588ms)
  ✔ does not mutate original deck on commit (0.241636ms)
✔ updateNodeContent — inline text editor commit (1.100456ms)
▶ updateLocalStyle — toolbar-driven style patches
  ✔ applies color from text color picker (0.338451ms)
  ✔ applies font size from font size picker (0.221004ms)
  ✔ applies fill color from shape fill picker (0.409909ms)
  ✔ replaces local style keys when patch value is primitive or undefined (0.418064ms)
  ✔ sequential toolbar commands accumulate style overrides (4.347703ms)
✔ updateLocalStyle — toolbar-driven style patches (6.045919ms)
✔ node tree ops no-op and option branches (66.414023ms)
✔ node tree ops cover sibling insertion and unchanged recursive removal (4.87917ms)
✔ flattens, finds parents, and checks ancestors in true nested DeckV7 trees (16.965643ms)
✔ collects node ids, descendants, expanded selections, and top-level selections (1.799992ms)
✔ orders layer traversal by z-index while preserving tree order ties (4.232532ms)
✔ inserts nodes by parent path and relative placement (1.73445ms)
✔ removes nodes immutably and can prune emptied ancestor groups (1.797644ms)
✔ reorders a node only within its current parent (0.634735ms)
✔ groups selected nodes at their common ancestor without flat group ids (4.89582ms)
✔ ungroups a nested group in place (0.504356ms)
▶ pptx lowerer shared helpers
  ✔ converts canvas and frames into PPTX dimensions (2.97765ms)
  ✔ normalizes and resolves colors with diagnostics for unresolved tokens (0.834702ms)
  ✔ maps native and fallback effects (1.627364ms)
  ✔ converts fills to PPTX fill fallbacks and hex fallbacks (1.641481ms)
  ✔ extracts text options and warns for unsupported editable effects (0.904396ms)
✔ pptx lowerer shared helpers (10.257965ms)
✔ table cell editing covers empty runs, deletion, suffix edits, and bounds no-ops (4.036385ms)
✔ table cell equality detects run style differences before applying wrapper edits (0.610211ms)
▶ table cell editing
  ✔ prefers runs when resolving editable table cell text (3.594981ms)
  ✔ normalizes whitespace and preserves rich formatting for single-run edits (4.172833ms)
  ✔ preserves neighboring run styles for middle insertions (0.287747ms)
  ✔ returns the original plain-text cell when no change is needed (0.158888ms)
  ✔ updates only the targeted table cell and keeps no-op edits stable (1.601192ms)
  ✔ clamps row and column movement within table bounds (0.319984ms)
  ✔ wraps linear table movement for Tab and Shift+Tab navigation (324.844184ms)
✔ table cell editing (339.437161ms)
▶ safeParseDeckV7 coverage branches
  ✔ accepts a rich v7 deck using current asset, chrome, source, and content contracts (9.790692ms)
  ✔ reports edge-case diagnostics for invalid assets, styles, nodes, sources, and metadata (4.363389ms)
  ✔ stops after non-v7 schema versions and reports the dedicated schema message (1.738523ms)
  ✔ handles non-object inputs without throwing (0.187955ms)
✔ safeParseDeckV7 coverage branches (18.002317ms)
✔ safeParseDeckV7 reports deeply malformed current v7 authoring contracts (10.52887ms)
✔ validateDeckChromeConfig reports malformed chrome slot options (268.495714ms)
✔ safeParseDeckV7 catches unexpected validator exceptions (0.425532ms)
▶ safeParseDeckV7
  ✔ accepts a valid minimal v7 deck (72.298921ms)
  ✔ accepts a multi-slide deck (5.07888ms)
  ✔ accepts current deck chrome schema (7.756372ms)
  ✔ rejects invalid deck chrome contracts (19.675711ms)
  ✔ accepts valid deck metadata and theme binding fields (3.198206ms)
  ✔ rejects malformed and unknown metadata fields (4.750158ms)
  ✔ rejects unknown deck theme and override fields (1.813238ms)
  ✔ rejects malformed theme scalar fields (0.409154ms)
  ✔ rejects invalid disabledDecorations payloads (11.761294ms)
  ✔ rejects invalid localStyle and chrome style patch contracts (0.986787ms)
  ✔ rejects invalid theme override style patch values (9.109431ms)
  ✔ accepts representative valid text/fill/stroke/image/table/slide style patches (7.496575ms)
  ✔ rejects non-object input (0.19823ms)
  ✔ rejects null input (1.456995ms)
  ✔ rejects missing schemaVersion (0.249763ms)
  ✔ rejects schemaVersion 6 (v6 deck) (0.258509ms)
  ✔ rejects v6 fields (elements, masters, design) (1.452966ms)
  ✔ rejects empty slides array (0.298615ms)
  ✔ rejects duplicate node ids (1.017766ms)
  ✔ rejects unknown node type (1.321377ms)
  ✔ rejects unknown nested child-node and content keys (2.525488ms)
  ✔ accepts nested slide child nodes that only use known keys (1.890818ms)
  ✔ rejects unknown template kind (1.376535ms)
  ✔ rejects non-string slide notes (1.326459ms)
  ✔ accepts string slide notes (0.266002ms)
  ✔ rejects invalid canvas format (1.333465ms)
  ✔ rejects unknown style ref in node (0.325994ms)
  ✔ rejects invalid text runs (runs don't match paragraph text) (0.323592ms)
  ✔ accepts safe text run link schemes (1.30065ms)
  ✔ rejects unsafe text run link schemes (0.265858ms)
  ✔ accepts text content fit and language values (3.733554ms)
  ✔ rejects invalid text content fit mode (0.391151ms)
  ✔ rejects non-string text content language (0.705307ms)
  ✔ rejects malformed text run and list marker fields (0.838898ms)
  ✔ accepts rich text runs and valid list markers (0.327642ms)
  ✔ rejects table with too many columns (>8) (1.41681ms)
  ✔ rejects w=0 in frame (0.440668ms)
  ✔ accepts auto-height layout metadata (1.413917ms)
  ✔ rejects invalid auto-height layout metadata (0.282601ms)
  ✔ rejects invalid layout flip metadata (1.072728ms)
  ✔ rejects deck with unknown top-level field (0.782569ms)
  ✔ rejects connector node missing content (0.303025ms)
  ✔ rejects connector endpoint with invalid kind (1.584738ms)
  ✔ accepts connector node endpoints with valid anchors and routing (0.351811ms)
  ✔ rejects connector point endpoints with non-finite coordinates (1.423798ms)
  ✔ rejects connector node endpoints with invalid nodeId or anchor (0.376557ms)
  ✔ rejects connector content with invalid routing (0.309664ms)
  ✔ rejects shape with invalid shape kind (1.344052ms)
  ✔ rejects shape with kind=path but missing path string (0.98203ms)
  ✔ rejects image node with missing assetId (0.270499ms)
  ✔ accepts image node with valid crop, fit, focalPoint, and alt (0.226107ms)
  ✔ rejects image node with malformed crop, fit, focalPoint, and alt (1.774379ms)
  ✔ rejects visual node with neither assetId nor visualId (1.341103ms)
  ✔ rejects group node with invalid component kind (0.326247ms)
  ✔ rejects group node with empty children array (0.254601ms)
  ✔ rejects invalid canvas unit (1.299352ms)
  ✔ accepts valid canvas safeArea insets (0.635553ms)
  ✔ rejects non-object canvas safeArea (1.328115ms)
  ✔ rejects canvas safeArea with missing or non-finite inset fields (0.299884ms)
  ✔ rejects canvas safeArea with unknown inset keys (0.270902ms)
  ✔ rejects non-object asset registry (1.28379ms)
  ✔ accepts safe DeckV7 asset source schemes (0.675304ms)
  ✔ rejects unsafe DeckV7 asset source schemes (7.225948ms)
  ✔ rejects malformed nested DeckV7 asset entries (0.551863ms)
  ✔ rejects layout box with non-integer zIndex (1.360101ms)
  ✔ rejects slide with unknown controls.tone (0.346363ms)
  ✔ rejects invalid deck chrome enum and scalar values (1.540001ms)
  ✔ validates slide deck chrome override mode matrix (0.966615ms)
  ✔ rejects table content with too few rows (0.326353ms)
  ✔ accepts current source metadata contract (0.313769ms)
  ✔ rejects invalid source metadata fields (1.397173ms)
  ✔ accepts valid slide and child base-node metadata (1.051239ms)
  ✔ rejects malformed child base-node metadata with precise paths (0.455497ms)
  ✔ rejects malformed slide base-node metadata with precise paths (1.484277ms)
  ✔ reports malformed nested optional contracts with specific paths (2.034237ms)
✔ safeParseDeckV7 (226.938759ms)
ℹ tests 237
ℹ suites 40
ℹ pass 237
ℹ fail 0
ℹ cancelled 0
ℹ skipped 0
ℹ todo 0
ℹ duration_ms 19241.562028
ℹ start of coverage report
ℹ -----------------------------------------------------------------------------------------------------------------------------------------------------------------------------------------------------------------------------------------------------------------------------------------------------------------------------------------------------------------------------------------------------------
ℹ file                                   | line % | branch % | funcs % | uncovered lines
ℹ -----------------------------------------------------------------------------------------------------------------------------------------------------------------------------------------------------------------------------------------------------------------------------------------------------------------------------------------------------------------------------------------------------------
ℹ src                                    |        |          |         | 
ℹ  lib                                   |        |          |         | 
ℹ   brand                                |        |          |         | 
ℹ    font-face.ts                        |  78.79 |    75.00 |   75.00 | 15 31-35 38-39 49-54
ℹ   content                              |        |          |         | 
ℹ    document-blocks.ts                  |  87.55 |    43.82 |   80.00 | 38-42 49-64 80-81 85-86 107 121-128 130-131 158 164 181-182 188-189 205-207 222 224-227 233-243 251 262
ℹ    from-markdown.ts                    |  51.26 |    80.00 |   26.32 | 32 42-46 50-53 58-64 67-76 78-85 91-96 100-104 108-116 118-128 130-155 158-160 163-164
ℹ    import-persistence.ts               |  98.00 |    90.00 |  100.00 | 46-47
ℹ    index.ts                            | 100.00 |   100.00 |  100.00 | 
ℹ    markdown.ts                         |  48.72 |    80.00 |   33.33 | 16 28-34 37-41 44-49 53-55 61-62 65-132 135-142
ℹ    plain-text.ts                       |  77.94 |    80.00 |   45.45 | 18-19 32-33 43-47 49-53 59
ℹ   lexical                              |        |          |         | 
ℹ    block-id.ts                         |  56.00 |    80.00 |   29.41 | 15 19-20 41 44-45 48-54 59-82 85-109 117-120
ℹ   limits                               |        |          |         | 
ℹ    ai.ts                               |  92.42 |    92.31 |   45.83 | 24 27 31-32 38
ℹ   presentation-shared                  |        |          |         | 
ℹ    document-block-hash.ts              |  97.22 |    86.96 |  100.00 | 49-50
ℹ    fnv-hash.ts                         |  96.55 |    83.33 |  100.00 | 29
ℹ    slide-fonts.ts                      |  89.22 |    78.79 |   59.38 | 21 24 148-149 155 165-178 195-202 215-227
ℹ    theme-package-ids.ts                | 100.00 |    92.31 |   69.23 | 
ℹ   presentation-vnext                   |        |          |         | 
ℹ    brand-kit                           |        |          |         | 
ℹ     compiler.ts                        |  98.55 |    83.27 |   94.12 | 471 966-971 975-981 989-993
ℹ    connector-geometry.ts               |  91.80 |    82.61 |   85.71 | 52 55-58
ℹ    diagnostics.ts                      |  96.40 |    87.69 |   91.11 | 243 290-291 341 346-348 362 379-385 413-420
ℹ    document-slide-plan-compiler.ts     |  90.07 |    50.00 |  100.00 | 81-82 116-122 126-130
ℹ    document-slide-plan-provenance.ts   |  95.50 |    77.78 |   93.75 | 92-96
ℹ    document-slide-plan-repair.ts       |  99.57 |    82.14 |  100.00 | 13
ℹ    document-slide-plan-templates.ts    | 100.00 |    90.91 |  100.00 | 
ℹ    document-slide-plan.ts              | 100.00 |    92.31 |  100.00 | 
ℹ    document-slide-planner.ts           |  98.27 |    77.08 |  100.00 | 84-85 209 259-261
ℹ    document-source-plan.ts             |  90.36 |    71.21 |   90.32 | 69-70 73-76 80-85 91-92 98-100 123 127 154-158 162-163 180
ℹ    editor-commands.test-utils.ts       | 100.00 |    93.94 |  100.00 | 
ℹ    editor-commands.ts                  |  95.46 |    89.29 |   96.41 | 33 127-131 261-265 318-323 389 391-392 394-402 404-405 407-408 425 902-911 966 1124 1133-1158
ℹ    empty-deck.ts                       | 100.00 |    87.50 |   87.50 | 
ℹ    export-lowerers                     |        |          |         | 
ℹ     export-node-lowerer.ts             |  92.00 |    86.67 |  100.00 | 40-43
ℹ     image-media-lowerer.ts             | 100.00 |    93.75 |  100.00 | 
ℹ     shape-connector-lowerer.ts         |  97.44 |    90.00 |   80.00 | 39
ℹ     shared.ts                          |  87.72 |    76.19 |   91.67 | 28-29 45 47 49-51
ℹ     table-lowerer.ts                   | 100.00 |   100.00 |  100.00 | 
ℹ     text-rich-text-lowerer.ts          | 100.00 |   100.00 |  100.00 | 
ℹ     theme-background-chrome-lowerer.ts | 100.00 |    89.29 |  100.00 | 
ℹ     visual-block-lowerer.ts            |  91.18 |    87.50 |   62.50 | 32-34
ℹ    export-spec.ts                      |  96.00 |    78.57 |  100.00 | 19 71-73
ℹ    ids.ts                              |  94.74 |    95.00 |   77.78 | 37-38
ℹ    layer-bands.ts                      |  96.08 |    87.50 |   78.57 | 21-22
ℹ    node-tree-ops.ts                    |  96.01 |    93.30 |   96.47 | 58-59 194-196 293-294 502-504 536-553
ℹ    pptx-export-adapter.ts              |  99.24 |    80.00 |  100.00 | 49
ℹ    pptx-lowerers                       |        |          |         | 
ℹ     image-media-lowerer.ts             |  93.10 |    93.75 |  100.00 | 16-17
ℹ     operation-lowerer.ts               | 100.00 |    93.33 |  100.00 | 
ℹ     shape-connector-lowerer.ts         |  46.90 |    90.00 |   45.45 | 24 44 51-72 75-82 86-113
ℹ     shared.ts                          |  97.56 |    84.83 |  100.00 | 24 109-110 120-121 194 335-338
ℹ     table-lowerer.ts                   |  50.70 |    87.50 |   55.56 | 35 38-71
ℹ     text-rich-text-lowerer.ts          |  96.88 |    92.31 |  100.00 | 21
ℹ     theme-background-chrome-lowerer.ts |  96.00 |    92.86 |  100.00 | 19
ℹ     visual-block-lowerer.ts            |  31.30 |    75.00 |   50.00 | 34-54 56-90 95-127 129
ℹ    provenance-extra.ts                 |  51.91 |    72.22 |   40.00 | 19-20 42 44-45 48 51 55 58 66-68 70-85 106-127 138-156 161-168 171-192 196-200 205-206 209-215
ℹ    render-resolver.ts                  |  98.68 |    69.23 |  100.00 | 47
ℹ    render-resolver                     |        |          |         | 
ℹ     chrome-pass.ts                     |  86.41 |    39.76 |   80.00 | 60-70 72-75 83-94 125 140-143 148-163 264 266-267 290 307-310 338-343 356-363 376-378
ℹ     decoration-pass.ts                 |  50.29 |    56.25 |  100.00 | 18 52-60 62-77 79 82-139 143
ℹ     layout-pass.ts                     | 100.00 |    92.86 |  100.00 | 
ℹ     slide-pass.ts                      |  98.73 |    78.57 |  100.00 | 14
ℹ     user-node-pass.ts                  |  51.91 |    48.15 |   68.75 | 45-46 49-73 75-85 92-97 99-114 120-140 143-176 184 188-212 215-223 227-240
ℹ    render-tree.ts                      |  92.90 |    66.67 |   85.71 | 21 38 61-68 70-71
ℹ    rich-text.ts                        |  79.02 |    70.97 |   52.17 | 25-26 30-31 33 39-41 69-72 75-78 81-89 91-95
ℹ    schema.ts                           |  99.69 |    77.78 |  100.00 | 39-40
ℹ    semantic-deck-plan-repair.ts        |  61.58 |    53.62 |   65.38 | 71-73 82-83 87-93 97-109 114-138 144 157 163 168-174 180-197 202-214 218-236 241-253 275-279 286-357 360-361 377-383 387-395 398-400 403-469 486-488 498-500 505-509 520-521 528-531 549-551 554-557 559-562 577
ℹ    style-patch-merge.ts                | 100.00 |    93.94 |  100.00 | 
ℹ    style-registry.ts                   |  97.22 |    92.86 |  100.00 | 23
ℹ    style-resolver.ts                   |  72.95 |    65.71 |   82.35 | 40-48 57-60 66-70 84-89 93-99 102-111 116-129 132-136 153-158
ℹ    table-cell-editing.ts               |  97.88 |    85.71 |  100.00 | 53-54 234-236
ℹ    template-compiler.ts                |  78.38 |    58.73 |   86.96 | 21 64 76-80 89 92-107 140-147 155-158 190-191 196-205 212 216-253 273-274 292-293
ℹ    template-registry.ts                |  92.89 |    83.87 |   77.27 | 81-82 84-85 87-88 92 98-100 102-106 110-111
ℹ    theme-package-fonts.ts              | 100.00 |    93.33 |  100.00 | 
ℹ    theme-package-schema.ts             |  60.05 |    37.62 |   76.00 | 46-49 53-60 120 126-212 217-298 302-347 354-469 478-479 482-483 493-494 510-511 514 517 522-524 526 528 531-532 537-541 543 558 560 565-567 570-572 591-592 598 608-613 615-631 634-641 652 655 658 669 691-704 723-738 741-746 748-754 764-767 770-773 784 788-790 792 799-800 805-806 809-810 818-820 825 843-851 853-857 862-869
ℹ    theme-packages.ts                   |  99.93 |    85.71 |   88.89 | 1492-1493
ℹ    validation.ts                       |  97.44 |    90.08 |  100.00 | 80 87 197-199 238-240 515 551-552 731-732 776-778 830-832 865-867 1130 1268-1269 1327-1328 1346 1402-1403 1409 1424-1426 1439 1459 1469-1470 1683 1780 1806 1861-1862 1874-1875 1922-1923 1951-1953 1970-1971 2009-2012 2023 2030-2031 2037-2038 2080-2083 2123-2125 2171-2173 2218-2220 2296-2297
ℹ    visual-channel-colors.ts            |  95.45 |    90.00 |   42.86 | 40 65-66
ℹ -----------------------------------------------------------------------------------------------------------------------------------------------------------------------------------------------------------------------------------------------------------------------------------------------------------------------------------------------------------------------------------------------------------
ℹ all files                              |  88.33 |    80.92 |   85.32 | 
ℹ -----------------------------------------------------------------------------------------------------------------------------------------------------------------------------------------------------------------------------------------------------------------------------------------------------------------------------------------------------------------------------------------------------------
ℹ end of coverage report
